-0.122201484920 0.011184719434 -0.028217198708 -0.064638434353 0.107322082215 -0.064024468908 0.008703620575 0.097617240437 -0.085382776421 0.114803029637 0.076768889122 0.097441734775 0.023349326882 -0.097353594735 -0.112659555987 0.059389612762 -0.040025007521 0.032014325231 0.024089063482 -0.094802841904 
2
1
2
2
2
0
1
1
1
0
0
0
0
2
1
1
1
2
2
0
1
2
0
0
2
2
1
2
2
1
2
1
0
2
2
0
0
0
1
2
1
2
2
1
2
2
0
0
1
0
2
0
0
2
1
2
2
2
1
1
1
1
1
0
1
0
0
2
1
2
2
2
2
1
2
1
1
0
0
0
0
0
1
1
2
2
1
1
0
0
1
1
2
2
1
1
0
0
1
1
1.000000000000
