-0.099977793666 0.080290107271 -0.059754491229 -0.079985018679 0.060173018154 -0.039808479951 0.060839535174 0.070123972195 -0.080497415452 0.079817922446 0.070639434337 0.080860005986 -0.029662079442 -0.039704183800 -0.060750756960 0.060367494986 -0.049647682933 -0.049319098745 0.070193045124 -0.080687255641 
2
2
2
2
2
2
2
2
2
2
2
2
2
2
2
2
2
2
2
2
2
2
2
2
2
2
2
2
2
2
2
2
2
2
2
2
2
2
2
2
2
2
2
2
2
2
2
2
2
2
2
2
2
2
2
2
2
2
2
2
2
2
2
2
2
2
2
2
2
2
2
2
2
2
2
2
2
2
2
2
2
2
2
2
2
2
2
2
2
2
2
2
2
2
2
2
2
2
2
2
0.350000000000
